metR DOCX DocMigrate — AI ENRICHMENT REPORT
================================================================================
 DITA OUTPUT               : transformed output
 Total Files               : 11 (9 DITA, 2 DITAMAP)
 Topics Reclassified       : 5
 Shortdescs Generated      : 8
 Metadata Generated        : 8
 Alt Text Filled           : 0 of 0 images
 Author Suggestions        : 7 (all pending review)
 AI Enrichment Mode        : AI available for this run
 Overall Status            : WARNING (issues remain — manual review required)
--------------------------------------------------------------------------------

PRE-CLEAN CORRECTIONS APPLIED
--------------------------------------------------------------------------------
 Structural Pre-fixes       : 0 files modified, 0 failed
 Zone 1 Auto-fixes         : 0 applied
--------------------------------------------------------------------------------

POST ENRICHMENT & VALIDATION (4-gate DITA 2.x validation)
--------------------------------------------------------------------------------
 Files validated           : 11
 Files with violations     : 0
 Total violations          : 0  (0 ERROR, 0 WARNING)
   Gate 1 (vocabulary)     : 0
   Gate 2 (structure)      : 0
   Gate 3 (content model)  : 0
   Gate 4 (attributes)     : 0
 Fix passes applied        : Pass 1 — 8 fixes / 1 file
--------------------------------------------------------------------------------
 MANUAL ACTION REQUIRED — please review before packaging
--------------------------------------------------------------------------------

 1. Add product name to all 9 files            [HIGH PRIORITY]
    No product name could be determined automatically.
    Every topic's <prodname> field is currently empty.

 2. Review 7 pending author suggestions before final packaging:
      table_missing_title             2
      table_col_mismatch              1
      missing_shortdesc               1
      empty_p                         1
      missing_prolog                  1
      shortdesc_too_generic           1

 3. Review 1 shortdesc flagged as too generic (auto-detected opener
    phrases like "This section...").

 4. 5 structural issues remain open after enrichment:
      table_missing_title             2
      table_col_mismatch              1
      missing_shortdesc               1
      empty_p                         1

--------------------------------------------------------------------------------

SUPPORTING REPORTS (aienrichment folder)
--------------------------------------------------------------------------------
 File                                Contents
--------------------------------------------------------------------------------
 pre_enrichment.json                 File inventory, structural-issue scan, and
                                      initial 4-gate DITA validation.
 post_enrichment.json                Full per-file enrichment results, quality
                                      metrics and validation fixes.
 author_suggestions.json             All 7 author suggestions listed above,
                                      with file, line, and suggested fix.
 topic_inference_map.json            Per-topic classification detail — type,
                                      confidence, and reasoning for every file.
 ai_enrichment_full.log              Full technical run log (all layers, all
                                      files) — for troubleshooting use only.
--------------------------------------------------------------------------------
